etc/mqtt/mqtt.conf
etc/rc.local
etc/sudoers.d/_username_
home/backup/toledo/backup.sh
home/_username_/usb_cam_notes.txt
home/_username_/scripts/backup.sh
home/_username_/scripts/create_pid_or_exit_on_existing_pid.sh
home/_username_/scripts/delay_1w-server_reboot.sh
home/_username_/scripts/delay_palermo_reboot.sh
home/_username_/scripts/delay_toledo_reboot.sh
home/_username_/scripts/email_1wsys_report.sh
home/_username_/scripts/fill-in-toledo-1w_sys-rrd
home/_username_/scripts/hipchat_send.sh
home/_username_/scripts/list_usb_devices
home/_username_/scripts/load_24hrs_forecast_from_foreca-fi
home/_username_/scripts/midnight.sh
home/_username_/scripts/mjpg-streamer_start
home/_username_/scripts/mqtt_pub_timestamp
home/_username_/scripts/record_sound.sh
home/_username_/scripts/run_mqtt_scripts.sh
home/_username_/scripts/sound_monitor.sh
home/_username_/scripts/ssh_tunnel
home/_username_/scripts/sys_overview.sh
home/_username_/scripts/upload_shots
home/_username_/scripts/vkhome-fi_mqtt-pub.sh.mod
home/_username_/scripts/4motion/cleanup-dirs.sh
home/_username_/scripts/4motion/midnight.sh
home/_username_/scripts/4motion/monitorMotion.sh
home/_username_/scripts/4motion/send_connection_status_sms.sh
home/_username_/scripts/4motion/send_event_movie.sh
home/_username_/scripts/4motion/send_event_sms.sh
home/_username_/scripts/4motion/send_re3m_status_sms.sh
home/_username_/scripts/misc/crontab._username_
home/_username_/scripts/misc/crontab.root
home/_username_/scripts/mqtt.d/entrance_door.sh
home/_username_/scripts/mqtt.d/heat_pump.sh
home/_username_/scripts/mqtt.d/indoor_irsensor.sh
home/_username_/scripts/mqtt.d/toledo-mqtt-repub.sh
home/_username_/scripts/mqtt.d/ventillation.sh
home/_username_/scripts/mqtt.d/vkhome-fi_mqtt-pub.sh
home/_username_/scripts/mqtt.d/watermeter_datastream.sh
home/_username_/scripts/mqtt.d/water_meter.sh
usr/local/lib/mqtt_lib.sh
usr/lib/cgi-bin/1w_print_temp_data.cgi
usr/lib/cgi-bin/1w_rrdgraph.cgi
usr/lib/cgi-bin/hp-ctl.sh
usr/lib/cgi-bin/re3m_get-updates-for-last-two-minutes.cgi
usr/lib/cgi-bin/room_temp_rrdgraph.cgi
usr/lib/cgi-bin/usb-hub-ctrl.sh
usr/lib/cgi-bin/ventillation.sh
usr/lib/cgi-bin/vkhome-fi.cgi
usr/sbin/delayed_reboot.sh
usr/bin/delay_reboot.sh
var/www/album.php
var/www/forecast.php
var/www/index.php
var/www/info.php
var/www/hpump-ctl/hpump-ctl.css
var/www/hpump-ctl/hpump-ctl.js
var/www/hpump-ctl/index.html
var/www/hpump-ctl/images/cam.png
var/www/hpump-ctl/images/down.png
var/www/hpump-ctl/images/left.png
var/www/hpump-ctl/images/light.png
var/www/hpump-ctl/images/mic.png
var/www/hpump-ctl/images/right.png
var/www/hpump-ctl/images/sound.png
var/www/hpump-ctl/images/stop.png
var/www/hpump-ctl/images/up.png
var/www/usbhub-ctl/index.html
var/www/vent-ctl/index.html
var/www/water/getCounterConfig.json
var/www/water/getReading.json
var/www/water/help_blue.png
var/www/water/index.html
var/www/water/WaterMeter.css
var/www/water/waterMeter.js
