==== MY SCRIPTS (PRODUCTION) ===
/etc/init.d/1w_system
/usr/sbin/delayed_reboot.sh
/usr/bin/1w_system_run
/usr/bin/control_ILTO400M.sh
/usr/bin/control_HeatPump.sh
/usr/bin/midnight.sh
/usr/bin/send_snapshot_to_timeweb
/usr/bin/set_status_ILTO400M.sh
/usr/bin/take_webcam_snapshot
/usr/lib/mqtt_lib.sh
/root/scripts/1w_mqtt_pub.sh
/root/scripts/create_pid_or_exit_on_existing_pid.sh
/root/scripts/run_mqtt_monitors.sh
/root/scripts/exec-toledo-1w_sys

==== MY or MODIFIED CONFIGS (PRODUCTION) ===
/etc/collectd.conf
/etc/hosts
/etc/rc.opt.local
/etc/logrotate.d/1w_collectd.log
/etc/logrotate.d/1w.log
/etc/logrotate.d/1w_system.log
/etc/logrotate.d/sensor_readings.log
/etc/logrotate.d/syslog.log
/etc/logrotate.d/webcam.log
/etc/mqtt/mqtt.conf
/etc/config/1w_system_sensors
/etc/config/autossh
/etc/config/network
/etc/config/owfs.conf
/etc/crontabs/root




DS18B20_0FA42F010000_nick=maria_room
DS18B20_20762F010000_nick=underfloor
DS18B20_22732F010000_nick=guestroom
DS18B20_349AAD030000_nick=hpump_heat_return
DS18B20_4B7F2F010000_nick=heat_entrance_hall
DS18B20_522630010000_nick=central_room
DS18B20_5AD92F010000_nick=heat_maria_room
DS18B20_6A1130010000_nick=heat_rdside_supply
DS18B20_8DF32F010000_nick=heat_sauna_zone
DS18B20_911E30010000_nick=hpump_brine_in
DS18B20_91982F010000_nick=heat_iliya_room
DS18B20_92B92F010000_nick=main_signalboard
DS18B20_9BEF2F010000_nick=heat_guest_room
DS18B20_9F2530010000_nick=bedroom
DS18B20_A4B72F010000_nick=outdoor
DS18B20_A7662F010000_nick=ilia_room
DS18B20_B00330010000_nick=hpump_hotwater
DS18B20_C6972F010000_nick=hpump_brine_out
DS18B20_D06F2F010000_nick=heat_bedroom
DS18B20_DCD52F010000_nick=heat_rdside_supply
DS18B20_EBE38D030000_nick=hpump_heat_supply
DS18B20_F07C2F010000_nick=heat_centralroom_l
DS18B20_F1AD2F010000_nick=heat_centralroom_r
DS18B20_E8FC2F010000_nick=heat_lkside_supply
